#
# There is insufficient memory for the Java Runtime Environment to continue.
# Native memory allocation (malloc) failed to allocate 5040272 bytes. Error detail: Chunk::new
# Possible reasons:
#   The system is out of physical RAM or swap space
#   This process is running with CompressedOops enabled, and the Java Heap may be blocking the growth of the native heap
# Possible solutions:
#   Reduce memory load on the system
#   Increase physical memory or swap space
#   Check if swap backing store is full
#   Decrease Java heap size (-Xmx/-Xms)
#   Decrease number of Java threads
#   Decrease Java thread stack sizes (-Xss)
#   Set larger code cache with -XX:ReservedCodeCacheSize=
#   JVM is running with Zero Based Compressed Oops mode in which the Java heap is
#     placed in the first 32GB address space. The Java Heap base address is the
#     maximum limit for the native heap growth. Please use -XX:HeapBaseMinAddress
#     to set the Java Heap base and to place the Java Heap above 32GB virtual address.
# This output file may be truncated or incomplete.
#
#  Out of Memory Error (arena.cpp:162), pid=15276, tid=19676
#
# JRE version: Java(TM) SE Runtime Environment (24.0+36) (build 24+36-3646)
# Java VM: Java HotSpot(TM) 64-Bit Server VM (24+36-3646, mixed mode, sharing, tiered, compressed oops, compressed class ptrs, g1 gc, windows-amd64)
# No core dump will be written. Minidumps are not enabled by default on client versions of Windows
#

---------------  S U M M A R Y ------------

Command Line: -Dmaven.multiModuleProjectDirectory=D:\Master\hospital-management-system\medical-records-service -Djansi.passthrough=true -Dmaven.home=C:\Program Files\JetBrains\IntelliJ IDEA 2023.3.6\plugins\maven\lib\maven3 -Dclassworlds.conf=C:\Program Files\JetBrains\IntelliJ IDEA 2023.3.6\plugins\maven\lib\maven3\bin\m2.conf -Dmaven.ext.class.path=C:\Program Files\JetBrains\IntelliJ IDEA 2023.3.6\plugins\maven\lib\maven-event-listener.jar -javaagent:C:\Program Files\JetBrains\IntelliJ IDEA 2023.3.6\lib\idea_rt.jar=53676:C:\Program Files\JetBrains\IntelliJ IDEA 2023.3.6\bin -Dfile.encoding=UTF-8 -Dsun.stdout.encoding=UTF-8 -Dsun.stderr.encoding=UTF-8 org.codehaus.classworlds.Launcher -Didea.version=2023.3.6 clean

Host: 13th Gen Intel(R) Core(TM) i5-13420H, 12 cores, 15G,  Windows 11 , 64 bit Build 26100 (10.0.26100.8521)
Time: Thu Jun 18 11:58:50 2026 GTB Daylight Time elapsed time: 0.514045 seconds (0d 0h 0m 0s)

---------------  T H R E A D  ---------------

Current thread (0x000002b8dfb985b0):  JavaThread "C2 CompilerThread0" daemon [_thread_in_native, id=19676, stack(0x000000ccc6d00000,0x000000ccc6e00000) (1024K)]


Current CompileTask:
C2:514 1330   !   4       sun.nio.cs.StreamDecoder::read (220 bytes)

Stack: [0x000000ccc6d00000,0x000000ccc6e00000]
Native frames: (J=compiled Java code, j=interpreted, Vv=VM code, C=native code)
V  [jvm.dll+0x7308c9]  (no source info available)
V  [jvm.dll+0x8d9ca3]  (no source info available)
V  [jvm.dll+0x8dc13d]  (no source info available)
V  [jvm.dll+0x8dc7b3]  (no source info available)
V  [jvm.dll+0x2aa046]  (no source info available)
V  [jvm.dll+0xced8f]  (no source info available)
V  [jvm.dll+0xcefef]  (no source info available)
V  [jvm.dll+0x154d23]  (no source info available)
V  [jvm.dll+0x7360ef]  (no source info available)
V  [jvm.dll+0x26f9dc]  (no source info available)
V  [jvm.dll+0x26e9ff]  (no source info available)
V  [jvm.dll+0x1e9d00]  (no source info available)
V  [jvm.dll+0x27e1bb]  (no source info available)
V  [jvm.dll+0x27c45a]  (no source info available)
V  [jvm.dll+0x42f566]  (no source info available)
V  [jvm.dll+0x87d8fb]  (no source info available)
V  [jvm.dll+0x72efe5]  (no source info available)
C  [ucrtbase.dll+0x2cd30]  (no source info available)
C  [KERNEL32.DLL+0x2e957]  (no source info available)
C  [ntdll.dll+0x87c1c]  (no source info available)

Lock stack of current Java thread (top to bottom):


---------------  P R O C E S S  ---------------

Threads class SMR info:
_java_thread_list=0x000002b92588d130, length=14, elements={
0x000002b8bdd97700, 0x000002b8dfb83b30, 0x000002b8dfb84270, 0x000002b8dfb86db0,
0x000002b8dfb878e0, 0x000002b8dfb88410, 0x000002b8dfb8af50, 0x000002b8dfb985b0,
0x000002b8dfb9bd60, 0x000002b8dfc79a10, 0x000002b8dfda2e00, 0x000002b8dfddbf80,
0x000002b8dfddc6c0, 0x000002b9259da050
}

Java Threads: ( => current thread )
  0x000002b8bdd97700 JavaThread "main"                              [_thread_in_native, id=22192, stack(0x000000ccc5f00000,0x000000ccc6000000) (1024K)]
  0x000002b8dfb83b30 JavaThread "Reference Handler"          daemon [_thread_blocked, id=20900, stack(0x000000ccc6700000,0x000000ccc6800000) (1024K)]
  0x000002b8dfb84270 JavaThread "Finalizer"                  daemon [_thread_blocked, id=9000, stack(0x000000ccc6800000,0x000000ccc6900000) (1024K)]
  0x000002b8dfb86db0 JavaThread "Signal Dispatcher"          daemon [_thread_blocked, id=21192, stack(0x000000ccc6900000,0x000000ccc6a00000) (1024K)]
  0x000002b8dfb878e0 JavaThread "Attach Listener"            daemon [_thread_blocked, id=4864, stack(0x000000ccc6a00000,0x000000ccc6b00000) (1024K)]
  0x000002b8dfb88410 JavaThread "Service Thread"             daemon [_thread_blocked, id=11896, stack(0x000000ccc6b00000,0x000000ccc6c00000) (1024K)]
  0x000002b8dfb8af50 JavaThread "Monitor Deflation Thread"   daemon [_thread_blocked, id=19324, stack(0x000000ccc6c00000,0x000000ccc6d00000) (1024K)]
=>0x000002b8dfb985b0 JavaThread "C2 CompilerThread0"         daemon [_thread_in_native, id=19676, stack(0x000000ccc6d00000,0x000000ccc6e00000) (1024K)]
  0x000002b8dfb9bd60 JavaThread "C1 CompilerThread0"         daemon [_thread_in_vm, id=19356, stack(0x000000ccc6e00000,0x000000ccc6f00000) (1024K)]
  0x000002b8dfc79a10 JavaThread "Common-Cleaner"             daemon [_thread_blocked, id=20024, stack(0x000000ccc6f00000,0x000000ccc7000000) (1024K)]
  0x000002b8dfda2e00 JavaThread "C2 CompilerThread1"         daemon [_thread_in_native, id=11968, stack(0x000000ccc7000000,0x000000ccc7100000) (1024K)]
  0x000002b8dfddbf80 JavaThread "Monitor Ctrl-Break"         daemon [_thread_in_native, id=18364, stack(0x000000ccc7100000,0x000000ccc7200000) (1024K)]
  0x000002b8dfddc6c0 JavaThread "Notification Thread"        daemon [_thread_blocked, id=4020, stack(0x000000ccc7200000,0x000000ccc7300000) (1024K)]
  0x000002b9259da050 JavaThread "C2 CompilerThread2"         daemon [_thread_in_native, id=12500, stack(0x000000ccc7300000,0x000000ccc7400000) (1024K)]
Total: 14

Other Threads:
  0x000002b8dfb745e0 VMThread "VM Thread"                           [id=17128, stack(0x000000ccc6600000,0x000000ccc6700000) (1024K)]
  0x000002b8dfa324b0 WatcherThread "VM Periodic Task Thread"        [id=19516, stack(0x000000ccc6500000,0x000000ccc6600000) (1024K)]
  0x000002b8c01576d0 WorkerThread "GC Thread#0"                     [id=17920, stack(0x000000ccc6000000,0x000000ccc6100000) (1024K)]
  0x000002b8c016c040 ConcurrentGCThread "G1 Main Marker"            [id=2616, stack(0x000000ccc6100000,0x000000ccc6200000) (1024K)]
  0x000002b8c016e0f0 WorkerThread "G1 Conc#0"                       [id=21320, stack(0x000000ccc6200000,0x000000ccc6300000) (1024K)]
  0x000002b8dfa16600 ConcurrentGCThread "G1 Refine#0"               [id=1316, stack(0x000000ccc6300000,0x000000ccc6400000) (1024K)]
  0x000002b8dfa16e30 ConcurrentGCThread "G1 Service"                [id=21992, stack(0x000000ccc6400000,0x000000ccc6500000) (1024K)]
Total: 7

Threads with active compile tasks:
C2 CompilerThread0  540 1330   !   4       sun.nio.cs.StreamDecoder::read (220 bytes)
C1 CompilerThread0  540 1495       3       org.eclipse.sisu.space.asm.ClassReader::readUTF (193 bytes)
C2 CompilerThread1  540 1494   !   4       java.util.concurrent.ConcurrentHashMap::transfer (849 bytes)
C2 CompilerThread2  540 1308   !   4       sun.nio.cs.StreamDecoder::read0 (116 bytes)
Total: 4

VM state: not at safepoint (normal execution)

VM Mutex/Monitor currently owned by a thread: None

Heap address: 0x0000000704c00000, size: 4020 MB, Compressed Oops mode: Zero based, Oop shift amount: 3

CDS archive(s) mapped at: [0x000002b8e0000000-0x000002b8e0d40000-0x000002b8e0d40000), size 13893632, SharedBaseAddress: 0x000002b8e0000000, ArchiveRelocationMode: 1.
Compressed class space mapped at: 0x000002b8e1000000-0x000002b921000000, reserved size: 1073741824
UseCompressedClassPointers 1, UseCompactObjectHeaders 0
Narrow klass pointer bits 32, Max shift 3
Narrow klass base: 0x000002b8e0000000, Narrow klass shift: 0
Encoding Range: [0x000002b8e0000000 - 0x000002b9e0000000), (4294967296 bytes)
Klass Range:    [0x000002b8e0000000 - 0x000002b921000000), (1090519040 bytes)
Klass ID Range:  [8 - 1090519033) (1090519025)

GC Precious Log:
 CardTable entry size: 512
 Card Set container configuration: InlinePtr #cards 4 size 8 Array Of Cards #cards 16 size 48 Howl #buckets 8 coarsen threshold 3686 Howl Bitmap #cards 512 size 80 coarsen threshold 460 Card regions per heap region 1 cards per card region 4096
 CPUs: 12 total, 12 available
 Memory: 16077M
 Large Page Support: Disabled
 NUMA Support: Disabled
 Compressed Oops: Enabled (Zero based)
 Heap Region Size: 2M
 Heap Min Capacity: 8M
 Heap Initial Capacity: 252M
 Heap Max Capacity: 4020M
 Pre-touch: Disabled
 Parallel Workers: 10
 Concurrent Workers: 3
 Concurrent Refinement Workers: 10
 Periodic GC: Disabled

Heap:
 garbage-first heap   total reserved 4116480K, committed 260096K, used 29812K [0x0000000704c00000, 0x0000000800000000)
  region size 2048K, 15 young (30720K), 0 survivors (0K)
 Metaspace       used 6665K, committed 6848K, reserved 1114112K
  class space    used 587K, committed 704K, reserved 1048576K

Heap Regions: E=young(eden), S=young(survivor), O=old, HS=humongous(starts), HC=humongous(continues), CS=collection set, F=free, TAMS=top-at-mark-start, PB=parsable bottom
|   0|0x0000000704c00000, 0x0000000704c00000, 0x0000000704e00000|  0%| F|  |TAMS 0x0000000704c00000| PB 0x0000000704c00000| Untracked |  0
|   1|0x0000000704e00000, 0x0000000704e00000, 0x0000000705000000|  0%| F|  |TAMS 0x0000000704e00000| PB 0x0000000704e00000| Untracked |  0
|   2|0x0000000705000000, 0x0000000705000000, 0x0000000705200000|  0%| F|  |TAMS 0x0000000705000000| PB 0x0000000705000000| Untracked |  0
|   3|0x0000000705200000, 0x0000000705200000, 0x0000000705400000|  0%| F|  |TAMS 0x0000000705200000| PB 0x0000000705200000| Untracked |  0
|   4|0x0000000705400000, 0x0000000705400000, 0x0000000705600000|  0%| F|  |TAMS 0x0000000705400000| PB 0x0000000705400000| Untracked |  0
|   5|0x0000000705600000, 0x0000000705600000, 0x0000000705800000|  0%| F|  |TAMS 0x0000000705600000| PB 0x0000000705600000| Untracked |  0
|   6|0x0000000705800000, 0x0000000705800000, 0x0000000705a00000|  0%| F|  |TAMS 0x0000000705800000| PB 0x0000000705800000| Untracked |  0
|   7|0x0000000705a00000, 0x0000000705a00000, 0x0000000705c00000|  0%| F|  |TAMS 0x0000000705a00000| PB 0x0000000705a00000| Untracked |  0
|   8|0x0000000705c00000, 0x0000000705c00000, 0x0000000705e00000|  0%| F|  |TAMS 0x0000000705c00000| PB 0x0000000705c00000| Untracked |  0
|   9|0x0000000705e00000, 0x0000000705e00000, 0x0000000706000000|  0%| F|  |TAMS 0x0000000705e00000| PB 0x0000000705e00000| Untracked |  0
|  10|0x0000000706000000, 0x0000000706000000, 0x0000000706200000|  0%| F|  |TAMS 0x0000000706000000| PB 0x0000000706000000| Untracked |  0
|  11|0x0000000706200000, 0x0000000706200000, 0x0000000706400000|  0%| F|  |TAMS 0x0000000706200000| PB 0x0000000706200000| Untracked |  0
|  12|0x0000000706400000, 0x0000000706400000, 0x0000000706600000|  0%| F|  |TAMS 0x0000000706400000| PB 0x0000000706400000| Untracked |  0
|  13|0x0000000706600000, 0x0000000706600000, 0x0000000706800000|  0%| F|  |TAMS 0x0000000706600000| PB 0x0000000706600000| Untracked |  0
|  14|0x0000000706800000, 0x0000000706800000, 0x0000000706a00000|  0%| F|  |TAMS 0x0000000706800000| PB 0x0000000706800000| Untracked |  0
|  15|0x0000000706a00000, 0x0000000706a00000, 0x0000000706c00000|  0%| F|  |TAMS 0x0000000706a00000| PB 0x0000000706a00000| Untracked |  0
|  16|0x0000000706c00000, 0x0000000706c00000, 0x0000000706e00000|  0%| F|  |TAMS 0x0000000706c00000| PB 0x0000000706c00000| Untracked |  0
|  17|0x0000000706e00000, 0x0000000706e00000, 0x0000000707000000|  0%| F|  |TAMS 0x0000000706e00000| PB 0x0000000706e00000| Untracked |  0
|  18|0x0000000707000000, 0x0000000707000000, 0x0000000707200000|  0%| F|  |TAMS 0x0000000707000000| PB 0x0000000707000000| Untracked |  0
|  19|0x0000000707200000, 0x0000000707200000, 0x0000000707400000|  0%| F|  |TAMS 0x0000000707200000| PB 0x0000000707200000| Untracked |  0
|  20|0x0000000707400000, 0x0000000707400000, 0x0000000707600000|  0%| F|  |TAMS 0x0000000707400000| PB 0x0000000707400000| Untracked |  0
|  21|0x0000000707600000, 0x0000000707600000, 0x0000000707800000|  0%| F|  |TAMS 0x0000000707600000| PB 0x0000000707600000| Untracked |  0
|  22|0x0000000707800000, 0x0000000707800000, 0x0000000707a00000|  0%| F|  |TAMS 0x0000000707800000| PB 0x0000000707800000| Untracked |  0
|  23|0x0000000707a00000, 0x0000000707a00000, 0x0000000707c00000|  0%| F|  |TAMS 0x0000000707a00000| PB 0x0000000707a00000| Untracked |  0
|  24|0x0000000707c00000, 0x0000000707c00000, 0x0000000707e00000|  0%| F|  |TAMS 0x0000000707c00000| PB 0x0000000707c00000| Untracked |  0
|  25|0x0000000707e00000, 0x0000000707e00000, 0x0000000708000000|  0%| F|  |TAMS 0x0000000707e00000| PB 0x0000000707e00000| Untracked |  0
|  26|0x0000000708000000, 0x0000000708000000, 0x0000000708200000|  0%| F|  |TAMS 0x0000000708000000| PB 0x0000000708000000| Untracked |  0
|  27|0x0000000708200000, 0x0000000708200000, 0x0000000708400000|  0%| F|  |TAMS 0x0000000708200000| PB 0x0000000708200000| Untracked |  0
|  28|0x0000000708400000, 0x0000000708400000, 0x0000000708600000|  0%| F|  |TAMS 0x0000000708400000| PB 0x0000000708400000| Untracked |  0
|  29|0x0000000708600000, 0x0000000708600000, 0x0000000708800000|  0%| F|  |TAMS 0x0000000708600000| PB 0x0000000708600000| Untracked |  0
|  30|0x0000000708800000, 0x0000000708800000, 0x0000000708a00000|  0%| F|  |TAMS 0x0000000708800000| PB 0x0000000708800000| Untracked |  0
|  31|0x0000000708a00000, 0x0000000708a00000, 0x0000000708c00000|  0%| F|  |TAMS 0x0000000708a00000| PB 0x0000000708a00000| Untracked |  0
|  32|0x0000000708c00000, 0x0000000708c00000, 0x0000000708e00000|  0%| F|  |TAMS 0x0000000708c00000| PB 0x0000000708c00000| Untracked |  0
|  33|0x0000000708e00000, 0x0000000708e00000, 0x0000000709000000|  0%| F|  |TAMS 0x0000000708e00000| PB 0x0000000708e00000| Untracked |  0
|  34|0x0000000709000000, 0x0000000709000000, 0x0000000709200000|  0%| F|  |TAMS 0x0000000709000000| PB 0x0000000709000000| Untracked |  0
|  35|0x0000000709200000, 0x0000000709200000, 0x0000000709400000|  0%| F|  |TAMS 0x0000000709200000| PB 0x0000000709200000| Untracked |  0
|  36|0x0000000709400000, 0x0000000709400000, 0x0000000709600000|  0%| F|  |TAMS 0x0000000709400000| PB 0x0000000709400000| Untracked |  0
|  37|0x0000000709600000, 0x0000000709600000, 0x0000000709800000|  0%| F|  |TAMS 0x0000000709600000| PB 0x0000000709600000| Untracked |  0
|  38|0x0000000709800000, 0x0000000709800000, 0x0000000709a00000|  0%| F|  |TAMS 0x0000000709800000| PB 0x0000000709800000| Untracked |  0
|  39|0x0000000709a00000, 0x0000000709a00000, 0x0000000709c00000|  0%| F|  |TAMS 0x0000000709a00000| PB 0x0000000709a00000| Untracked |  0
|  40|0x0000000709c00000, 0x0000000709c00000, 0x0000000709e00000|  0%| F|  |TAMS 0x0000000709c00000| PB 0x0000000709c00000| Untracked |  0
|  41|0x0000000709e00000, 0x0000000709e00000, 0x000000070a000000|  0%| F|  |TAMS 0x0000000709e00000| PB 0x0000000709e00000| Untracked |  0
|  42|0x000000070a000000, 0x000000070a000000, 0x000000070a200000|  0%| F|  |TAMS 0x000000070a000000| PB 0x000000070a000000| Untracked |  0
|  43|0x000000070a200000, 0x000000070a200000, 0x000000070a400000|  0%| F|  |TAMS 0x000000070a200000| PB 0x000000070a200000| Untracked |  0
|  44|0x000000070a400000, 0x000000070a400000, 0x000000070a600000|  0%| F|  |TAMS 0x000000070a400000| PB 0x000000070a400000| Untracked |  0
|  45|0x000000070a600000, 0x000000070a600000, 0x000000070a800000|  0%| F|  |TAMS 0x000000070a600000| PB 0x000000070a600000| Untracked |  0
|  46|0x000000070a800000, 0x000000070a800000, 0x000000070aa00000|  0%| F|  |TAMS 0x000000070a800000| PB 0x000000070a800000| Untracked |  0
|  47|0x000000070aa00000, 0x000000070aa00000, 0x000000070ac00000|  0%| F|  |TAMS 0x000000070aa00000| PB 0x000000070aa00000| Untracked |  0
|  48|0x000000070ac00000, 0x000000070ac00000, 0x000000070ae00000|  0%| F|  |TAMS 0x000000070ac00000| PB 0x000000070ac00000| Untracked |  0
|  49|0x000000070ae00000, 0x000000070ae00000, 0x000000070b000000|  0%| F|  |TAMS 0x000000070ae00000| PB 0x000000070ae00000| Untracked |  0
|  50|0x000000070b000000, 0x000000070b000000, 0x000000070b200000|  0%| F|  |TAMS 0x000000070b000000| PB 0x000000070b000000| Untracked |  0
|  51|0x000000070b200000, 0x000000070b200000, 0x000000070b400000|  0%| F|  |TAMS 0x000000070b200000| PB 0x000000070b200000| Untracked |  0
|  52|0x000000070b400000, 0x000000070b400000, 0x000000070b600000|  0%| F|  |TAMS 0x000000070b400000| PB 0x000000070b400000| Untracked |  0
|  53|0x000000070b600000, 0x000000070b600000, 0x000000070b800000|  0%| F|  |TAMS 0x000000070b600000| PB 0x000000070b600000| Untracked |  0
|  54|0x000000070b800000, 0x000000070b800000, 0x000000070ba00000|  0%| F|  |TAMS 0x000000070b800000| PB 0x000000070b800000| Untracked |  0
|  55|0x000000070ba00000, 0x000000070ba00000, 0x000000070bc00000|  0%| F|  |TAMS 0x000000070ba00000| PB 0x000000070ba00000| Untracked |  0
|  56|0x000000070bc00000, 0x000000070bc00000, 0x000000070be00000|  0%| F|  |TAMS 0x000000070bc00000| PB 0x000000070bc00000| Untracked |  0
|  57|0x000000070be00000, 0x000000070be00000, 0x000000070c000000|  0%| F|  |TAMS 0x000000070be00000| PB 0x000000070be00000| Untracked |  0
|  58|0x000000070c000000, 0x000000070c000000, 0x000000070c200000|  0%| F|  |TAMS 0x000000070c000000| PB 0x000000070c000000| Untracked |  0
|  59|0x000000070c200000, 0x000000070c200000, 0x000000070c400000|  0%| F|  |TAMS 0x000000070c200000| PB 0x000000070c200000| Untracked |  0
|  60|0x000000070c400000, 0x000000070c400000, 0x000000070c600000|  0%| F|  |TAMS 0x000000070c400000| PB 0x000000070c400000| Untracked |  0
|  61|0x000000070c600000, 0x000000070c600000, 0x000000070c800000|  0%| F|  |TAMS 0x000000070c600000| PB 0x000000070c600000| Untracked |  0
|  62|0x000000070c800000, 0x000000070c800000, 0x000000070ca00000|  0%| F|  |TAMS 0x000000070c800000| PB 0x000000070c800000| Untracked |  0
|  63|0x000000070ca00000, 0x000000070ca00000, 0x000000070cc00000|  0%| F|  |TAMS 0x000000070ca00000| PB 0x000000070ca00000| Untracked |  0
|  64|0x000000070cc00000, 0x000000070cc00000, 0x000000070ce00000|  0%| F|  |TAMS 0x000000070cc00000| PB 0x000000070cc00000| Untracked |  0
|  65|0x000000070ce00000, 0x000000070ce00000, 0x000000070d000000|  0%| F|  |TAMS 0x000000070ce00000| PB 0x000000070ce00000| Untracked |  0
|  66|0x000000070d000000, 0x000000070d000000, 0x000000070d200000|  0%| F|  |TAMS 0x000000070d000000| PB 0x000000070d000000| Untracked |  0
|  67|0x000000070d200000, 0x000000070d200000, 0x000000070d400000|  0%| F|  |TAMS 0x000000070d200000| PB 0x000000070d200000| Untracked |  0
|  68|0x000000070d400000, 0x000000070d400000, 0x000000070d600000|  0%| F|  |TAMS 0x000000070d400000| PB 0x000000070d400000| Untracked |  0
|  69|0x000000070d600000, 0x000000070d600000, 0x000000070d800000|  0%| F|  |TAMS 0x000000070d600000| PB 0x000000070d600000| Untracked |  0
|  70|0x000000070d800000, 0x000000070d800000, 0x000000070da00000|  0%| F|  |TAMS 0x000000070d800000| PB 0x000000070d800000| Untracked |  0
|  71|0x000000070da00000, 0x000000070da00000, 0x000000070dc00000|  0%| F|  |TAMS 0x000000070da00000| PB 0x000000070da00000| Untracked |  0
|  72|0x000000070dc00000, 0x000000070dc00000, 0x000000070de00000|  0%| F|  |TAMS 0x000000070dc00000| PB 0x000000070dc00000| Untracked |  0
|  73|0x000000070de00000, 0x000000070de00000, 0x000000070e000000|  0%| F|  |TAMS 0x000000070de00000| PB 0x000000070de00000| Untracked |  0
|  74|0x000000070e000000, 0x000000070e000000, 0x000000070e200000|  0%| F|  |TAMS 0x000000070e000000| PB 0x000000070e000000| Untracked |  0
|  75|0x000000070e200000, 0x000000070e200000, 0x000000070e400000|  0%| F|  |TAMS 0x000000070e200000| PB 0x000000070e200000| Untracked |  0
|  76|0x000000070e400000, 0x000000070e400000, 0x000000070e600000|  0%| F|  |TAMS 0x000000070e400000| PB 0x000000070e400000| Untracked |  0
|  77|0x000000070e600000, 0x000000070e600000, 0x000000070e800000|  0%| F|  |TAMS 0x000000070e600000| PB 0x000000070e600000| Untracked |  0
|  78|0x000000070e800000, 0x000000070e800000, 0x000000070ea00000|  0%| F|  |TAMS 0x000000070e800000| PB 0x000000070e800000| Untracked |  0
|  79|0x000000070ea00000, 0x000000070ea00000, 0x000000070ec00000|  0%| F|  |TAMS 0x000000070ea00000| PB 0x000000070ea00000| Untracked |  0
|  80|0x000000070ec00000, 0x000000070ec00000, 0x000000070ee00000|  0%| F|  |TAMS 0x000000070ec00000| PB 0x000000070ec00000| Untracked |  0
|  81|0x000000070ee00000, 0x000000070ee00000, 0x000000070f000000|  0%| F|  |TAMS 0x000000070ee00000| PB 0x000000070ee00000| Untracked |  0
|  82|0x000000070f000000, 0x000000070f000000, 0x000000070f200000|  0%| F|  |TAMS 0x000000070f000000| PB 0x000000070f000000| Untracked |  0
|  83|0x000000070f200000, 0x000000070f200000, 0x000000070f400000|  0%| F|  |TAMS 0x000000070f200000| PB 0x000000070f200000| Untracked |  0
|  84|0x000000070f400000, 0x000000070f400000, 0x000000070f600000|  0%| F|  |TAMS 0x000000070f400000| PB 0x000000070f400000| Untracked |  0
|  85|0x000000070f600000, 0x000000070f600000, 0x000000070f800000|  0%| F|  |TAMS 0x000000070f600000| PB 0x000000070f600000| Untracked |  0
|  86|0x000000070f800000, 0x000000070f800000, 0x000000070fa00000|  0%| F|  |TAMS 0x000000070f800000| PB 0x000000070f800000| Untracked |  0
|  87|0x000000070fa00000, 0x000000070fa00000, 0x000000070fc00000|  0%| F|  |TAMS 0x000000070fa00000| PB 0x000000070fa00000| Untracked |  0
|  88|0x000000070fc00000, 0x000000070fc00000, 0x000000070fe00000|  0%| F|  |TAMS 0x000000070fc00000| PB 0x000000070fc00000| Untracked |  0
|  89|0x000000070fe00000, 0x000000070fe00000, 0x0000000710000000|  0%| F|  |TAMS 0x000000070fe00000| PB 0x000000070fe00000| Untracked |  0
|  90|0x0000000710000000, 0x0000000710000000, 0x0000000710200000|  0%| F|  |TAMS 0x0000000710000000| PB 0x0000000710000000| Untracked |  0
|  91|0x0000000710200000, 0x0000000710200000, 0x0000000710400000|  0%| F|  |TAMS 0x0000000710200000| PB 0x0000000710200000| Untracked |  0
|  92|0x0000000710400000, 0x0000000710400000, 0x0000000710600000|  0%| F|  |TAMS 0x0000000710400000| PB 0x0000000710400000| Untracked |  0
|  93|0x0000000710600000, 0x0000000710600000, 0x0000000710800000|  0%| F|  |TAMS 0x0000000710600000| PB 0x0000000710600000| Untracked |  0
|  94|0x0000000710800000, 0x0000000710800000, 0x0000000710a00000|  0%| F|  |TAMS 0x0000000710800000| PB 0x0000000710800000| Untracked |  0
|  95|0x0000000710a00000, 0x0000000710a00000, 0x0000000710c00000|  0%| F|  |TAMS 0x0000000710a00000| PB 0x0000000710a00000| Untracked |  0
|  96|0x0000000710c00000, 0x0000000710c00000, 0x0000000710e00000|  0%| F|  |TAMS 0x0000000710c00000| PB 0x0000000710c00000| Untracked |  0
|  97|0x0000000710e00000, 0x0000000710e00000, 0x0000000711000000|  0%| F|  |TAMS 0x0000000710e00000| PB 0x0000000710e00000| Untracked |  0
|  98|0x0000000711000000, 0x0000000711000000, 0x0000000711200000|  0%| F|  |TAMS 0x0000000711000000| PB 0x0000000711000000| Untracked |  0
|  99|0x0000000711200000, 0x0000000711200000, 0x0000000711400000|  0%| F|  |TAMS 0x0000000711200000| PB 0x0000000711200000| Untracked |  0
| 100|0x0000000711400000, 0x0000000711400000, 0x0000000711600000|  0%| F|  |TAMS 0x0000000711400000| PB 0x0000000711400000| Untracked |  0
| 101|0x0000000711600000, 0x0000000711600000, 0x0000000711800000|  0%| F|  |TAMS 0x0000000711600000| PB 0x0000000711600000| Untracked |  0
| 102|0x0000000711800000, 0x0000000711800000, 0x0000000711a00000|  0%| F|  |TAMS 0x0000000711800000| PB 0x0000000711800000| Untracked |  0
| 103|0x0000000711a00000, 0x0000000711a00000, 0x0000000711c00000|  0%| F|  |TAMS 0x0000000711a00000| PB 0x0000000711a00000| Untracked |  0
| 104|0x0000000711c00000, 0x0000000711c00000, 0x0000000711e00000|  0%| F|  |TAMS 0x0000000711c00000| PB 0x0000000711c00000| Untracked |  0
| 105|0x0000000711e00000, 0x0000000711e00000, 0x0000000712000000|  0%| F|  |TAMS 0x0000000711e00000| PB 0x0000000711e00000| Untracked |  0
| 106|0x0000000712000000, 0x0000000712000000, 0x0000000712200000|  0%| F|  |TAMS 0x0000000712000000| PB 0x0000000712000000| Untracked |  0
| 107|0x0000000712200000, 0x0000000712200000, 0x0000000712400000|  0%| F|  |TAMS 0x0000000712200000| PB 0x0000000712200000| Untracked |  0
| 108|0x0000000712400000, 0x0000000712400000, 0x0000000712600000|  0%| F|  |TAMS 0x0000000712400000| PB 0x0000000712400000| Untracked |  0
| 109|0x0000000712600000, 0x0000000712600000, 0x0000000712800000|  0%| F|  |TAMS 0x0000000712600000| PB 0x0000000712600000| Untracked |  0
| 110|0x0000000712800000, 0x00000007128f5c58, 0x0000000712a00000| 48%| E|  |TAMS 0x0000000712800000| PB 0x0000000712800000| Complete |  0
| 111|0x0000000712a00000, 0x0000000712c00000, 0x0000000712c00000|100%| E|CS|TAMS 0x0000000712a00000| PB 0x0000000712a00000| Complete |  0
| 112|0x0000000712c00000, 0x0000000712e00000, 0x0000000712e00000|100%| E|CS|TAMS 0x0000000712c00000| PB 0x0000000712c00000| Complete |  0
| 113|0x0000000712e00000, 0x0000000713000000, 0x0000000713000000|100%| E|CS|TAMS 0x0000000712e00000| PB 0x0000000712e00000| Complete |  0
| 114|0x0000000713000000, 0x0000000713200000, 0x0000000713200000|100%| E|CS|TAMS 0x0000000713000000| PB 0x0000000713000000| Complete |  0
| 115|0x0000000713200000, 0x0000000713400000, 0x0000000713400000|100%| E|CS|TAMS 0x0000000713200000| PB 0x0000000713200000| Complete |  0
| 116|0x0000000713400000, 0x0000000713600000, 0x0000000713600000|100%| E|CS|TAMS 0x0000000713400000| PB 0x0000000713400000| Complete |  0
| 117|0x0000000713600000, 0x0000000713800000, 0x0000000713800000|100%| E|CS|TAMS 0x0000000713600000| PB 0x0000000713600000| Complete |  0
| 118|0x0000000713800000, 0x0000000713a00000, 0x0000000713a00000|100%| E|CS|TAMS 0x0000000713800000| PB 0x0000000713800000| Complete |  0
| 119|0x0000000713a00000, 0x0000000713c00000, 0x0000000713c00000|100%| E|CS|TAMS 0x0000000713a00000| PB 0x0000000713a00000| Complete |  0
| 120|0x0000000713c00000, 0x0000000713e00000, 0x0000000713e00000|100%| E|CS|TAMS 0x0000000713c00000| PB 0x0000000713c00000| Complete |  0
| 121|0x0000000713e00000, 0x0000000714000000, 0x0000000714000000|100%| E|CS|TAMS 0x0000000713e00000| PB 0x0000000713e00000| Complete |  0
| 122|0x0000000714000000, 0x0000000714200000, 0x0000000714200000|100%| E|CS|TAMS 0x0000000714000000| PB 0x0000000714000000| Complete |  0
| 123|0x0000000714200000, 0x0000000714400000, 0x0000000714400000|100%| E|CS|TAMS 0x0000000714200000| PB 0x0000000714200000| Complete |  0
| 124|0x0000000714400000, 0x0000000714600000, 0x0000000714600000|100%| E|CS|TAMS 0x0000000714400000| PB 0x0000000714400000| Complete |  0
| 125|0x0000000714600000, 0x0000000714800000, 0x0000000714800000|100%| E|CS|TAMS 0x0000000714600000| PB 0x0000000714600000| Complete |  0
|2009|0x00000007ffe00000, 0x00000007fff1d3c0, 0x0000000800000000| 55%| O|  |TAMS 0x00000007ffe00000| PB 0x00000007ffe00000| Untracked |  0

Card table byte_map: [0x000002b8d87d0000,0x000002b8d8fb0000] _byte_map_base: 0x000002b8d4faa000

Marking Bits: (CMBitMap*) 0x000002b8c0157cf0
 Bits: [0x000002b8d8fb0000, 0x000002b8dce80000)

Polling page: 0x000002b8bdf10000

Metaspace:

Usage:
  Non-class:      5.95 MB used.
      Class:    588.62 KB used.
       Both:      6.53 MB used.

Virtual space:
  Non-class space:       64.00 MB reserved,       6.00 MB (  9%) committed,  1 nodes.
      Class space:        1.00 GB reserved,     704.00 KB ( <1%) committed,  1 nodes.
             Both:        1.06 GB reserved,       6.69 MB ( <1%) committed. 

Chunk freelists:
   Non-Class:  8.75 MB
       Class:  15.37 MB
        Both:  24.12 MB

MaxMetaspaceSize: unlimited
CompressedClassSpaceSize: 1.00 GB
Initial GC threshold: 21.00 MB
Current GC threshold: 21.00 MB
CDS: on
 - commit_granule_bytes: 65536.
 - commit_granule_words: 8192.
 - virtual_space_node_default_size: 8388608.
 - enlarge_chunks_in_place: 1.
UseCompressedClassPointers 1, UseCompactObjectHeaders 0
Narrow klass pointer bits 32, Max shift 3
Narrow klass base: 0x000002b8e0000000, Narrow klass shift: 0
Encoding Range: [0x000002b8e0000000 - 0x000002b9e0000000), (4294967296 bytes)
Klass Range:    [0x000002b8e0000000 - 0x000002b921000000), (1090519040 bytes)
Klass ID Range:  [8 - 1090519033) (1090519025)


Internal statistics:

num_allocs_failed_limit: 0.
num_arena_births: 70.
num_arena_deaths: 0.
num_vsnodes_births: 2.
num_vsnodes_deaths: 0.
num_space_committed: 107.
num_space_uncommitted: 0.
num_chunks_returned_to_freelist: 0.
num_chunks_taken_from_freelist: 241.
num_chunk_merges: 0.
num_chunk_splits: 161.
num_chunks_enlarged: 127.
num_inconsistent_stats: 0.

CodeHeap 'non-profiled nmethods': size=120064Kb used=457Kb max_used=457Kb free=119606Kb
 bounds [0x000002b8d0450000, 0x000002b8d06c0000, 0x000002b8d7990000]
CodeHeap 'profiled nmethods': size=120000Kb used=2364Kb max_used=2364Kb free=117635Kb
 bounds [0x000002b8c8990000, 0x000002b8c8c00000, 0x000002b8cfec0000]
CodeHeap 'non-nmethods': size=5696Kb used=1320Kb max_used=1346Kb free=4375Kb
 bounds [0x000002b8cfec0000, 0x000002b8d0130000, 0x000002b8d0450000]
CodeCache: size=245760Kb, used=4141Kb, max_used=4167Kb, free=241616Kb
 total_blobs=1978, nmethods=1497, adapters=385, full_count=0
Compilation: enabled, stopped_count=0, restarted_count=0

Compilation events (20 events):
Event: 0.511 Thread 0x000002b8dfb9bd60 nmethod 1358 0x000002b8c8bab988 code [0x000002b8c8babaa0, 0x000002b8c8babc48]
Event: 0.511 Thread 0x000002b8dfb9bd60 1359       3       jdk.internal.reflect.ReflectionFactory::copyMethod (11 bytes)
Event: 0.511 Thread 0x000002b8dfb9bd60 nmethod 1359 0x000002b8c8babc88 code [0x000002b8c8babdc0, 0x000002b8c8bac038]
Event: 0.511 Thread 0x000002b8dfb9bd60 1360       3       java.lang.reflect.ReflectAccess::copyMethod (5 bytes)
Event: 0.511 Thread 0x000002b8dfb9bd60 nmethod 1360 0x000002b8c8bac088 code [0x000002b8c8bac1a0, 0x000002b8c8bac360]
Event: 0.511 Thread 0x000002b8dfb9bd60 1361       1       com.google.inject.TypeLiteral::getRawType (5 bytes)
Event: 0.511 Thread 0x000002b8dfda2e00 nmethod 1342 0x000002b8d04b6f08 code [0x000002b8d04b70a0, 0x000002b8d04b7950]
Event: 0.511 Thread 0x000002b8dfb9bd60 nmethod 1361 0x000002b8d04b7a08 code [0x000002b8d04b7b00, 0x000002b8d04b7bc8]
Event: 0.511 Thread 0x000002b8dfda2e00 1329       4       sun.nio.cs.UTF_8$Decoder::decodeLoop (28 bytes)
Event: 0.511 Thread 0x000002b8dfb9bd60 1362       3       java.lang.StringLatin1::compareTo (14 bytes)
Event: 0.511 Thread 0x000002b8dfb9bd60 nmethod 1362 0x000002b8c8bac388 code [0x000002b8c8bac4a0, 0x000002b8c8bac5c8]
Event: 0.512 Thread 0x000002b8dfb9bd60 1363       3       java.lang.reflect.Method::getAnnotation (6 bytes)
Event: 0.512 Thread 0x000002b8dfb9bd60 nmethod 1363 0x000002b8c8bac688 code [0x000002b8c8bac820, 0x000002b8c8bad000]
Event: 0.512 Thread 0x000002b8dfb9bd60 1364       3       java.lang.reflect.Executable::getAnnotation (23 bytes)
Event: 0.512 Thread 0x000002b8dfb9bd60 nmethod 1364 0x000002b8c8bad088 code [0x000002b8c8bad220, 0x000002b8c8bad998]
Event: 0.512 Thread 0x000002b8dfb9bd60 1365       3       java.util.stream.AbstractPipeline::isParallel (8 bytes)
Event: 0.512 Thread 0x000002b8dfb9bd60 nmethod 1365 0x000002b8c8bada08 code [0x000002b8c8badb20, 0x000002b8c8badc38]
Event: 0.512 Thread 0x000002b8dfb9bd60 1366       1       org.eclipse.sisu.space.NamedClass::getName (5 bytes)
Event: 0.512 Thread 0x000002b8dfb9bd60 nmethod 1366 0x000002b8d04b7d08 code [0x000002b8d04b7e00, 0x000002b8d04b7ec8]
Event: 0.512 Thread 0x000002b8dfb9bd60 1367       3       java.util.ArrayList::grow (60 bytes)

GC Heap History (0 events):
No events

Dll operation events (12 events):
Event: 0.008 Loaded shared library C:\Program Files\Java\jdk-24\bin\java.dll
Event: 0.031 Loaded shared library C:\Program Files\Java\jdk-24\bin\jsvml.dll
Event: 0.060 Loaded shared library C:\Program Files\Java\jdk-24\bin\zip.dll
Event: 0.063 Loaded shared library C:\Program Files\Java\jdk-24\bin\instrument.dll
Event: 0.067 Loaded shared library C:\Program Files\Java\jdk-24\bin\net.dll
Event: 0.070 Loaded shared library C:\Program Files\Java\jdk-24\bin\nio.dll
Event: 0.072 Loaded shared library C:\Program Files\Java\jdk-24\bin\zip.dll
Event: 0.085 Loaded shared library C:\Program Files\JetBrains\IntelliJ IDEA 2023.3.6\bin\breakgen64.dll
Event: 0.093 Loaded shared library C:\Program Files\Java\jdk-24\bin\extnet.dll
Event: 0.162 Loaded shared library C:\Program Files\Java\jdk-24\bin\jimage.dll
Event: 0.176 Loaded shared library C:\Users\alexa\AppData\Local\Temp\jansi-2.4.0-67437a208dcc2728-jansi.dll
Event: 0.183 Loaded shared library C:\Program Files\Java\jdk-24\bin\verify.dll

Deoptimization events (20 events):
Event: 0.467 Thread 0x000002b8bdd97700 DEOPT PACKING pc=0x000002b8d0491020 sp=0x000000ccc5ffe680
Event: 0.467 Thread 0x000002b8bdd97700 DEOPT UNPACKING pc=0x000002b8cffd8602 sp=0x000000ccc5ffe598 mode 2
Event: 0.468 Thread 0x000002b8bdd97700 DEOPT PACKING pc=0x000002b8c89ead98 sp=0x000000ccc5ffda60
Event: 0.468 Thread 0x000002b8bdd97700 DEOPT UNPACKING pc=0x000002b8cff15722 sp=0x000000ccc5ffcf10 mode 0
Event: 0.477 Thread 0x000002b8bdd97700 Uncommon trap: trap_request=0xffffff4d fr.pc=0x000002b8d04af74c relative=0x0000000000001bac
Event: 0.477 Thread 0x000002b8bdd97700 Uncommon trap: reason=unstable_if action=reinterpret pc=0x000002b8d04af74c method=java.nio.charset.CharsetDecoder.decode(Ljava/nio/ByteBuffer;Ljava/nio/CharBuffer;Z)Ljava/nio/charset/CoderResult; @ 15 c2
Event: 0.477 Thread 0x000002b8bdd97700 DEOPT PACKING pc=0x000002b8d04af74c sp=0x000000ccc5ffe200
Event: 0.477 Thread 0x000002b8bdd97700 DEOPT UNPACKING pc=0x000002b8cffd8602 sp=0x000000ccc5ffdf18 mode 2
Event: 0.479 Thread 0x000002b8bdd97700 Uncommon trap: trap_request=0xffffff4d fr.pc=0x000002b8d04ad088 relative=0x00000000000017e8
Event: 0.479 Thread 0x000002b8bdd97700 Uncommon trap: reason=unstable_if action=reinterpret pc=0x000002b8d04ad088 method=java.nio.charset.CoderResult.isOverflow()Z @ 5 c2
Event: 0.479 Thread 0x000002b8bdd97700 DEOPT PACKING pc=0x000002b8d04ad088 sp=0x000000ccc5ffe210
Event: 0.479 Thread 0x000002b8bdd97700 DEOPT UNPACKING pc=0x000002b8cffd8602 sp=0x000000ccc5ffdf38 mode 2
Event: 0.503 Thread 0x000002b8bdd97700 Uncommon trap: trap_request=0xffffff4d fr.pc=0x000002b8d04b5f6c relative=0x0000000000000a8c
Event: 0.503 Thread 0x000002b8bdd97700 Uncommon trap: reason=unstable_if action=reinterpret pc=0x000002b8d04b5f6c method=org.codehaus.plexus.util.xml.pull.MXParser.nextImpl()I @ 241 c2
Event: 0.503 Thread 0x000002b8bdd97700 DEOPT PACKING pc=0x000002b8d04b5f6c sp=0x000000ccc5ffe750
Event: 0.503 Thread 0x000002b8bdd97700 DEOPT UNPACKING pc=0x000002b8cffd8602 sp=0x000000ccc5ffe6c0 mode 2
Event: 0.510 Thread 0x000002b8bdd97700 Uncommon trap: trap_request=0xffffffc6 fr.pc=0x000002b8d0491cb4 relative=0x00000000000003d4
Event: 0.510 Thread 0x000002b8bdd97700 Uncommon trap: reason=bimorphic_or_optimized_type_check action=maybe_recompile pc=0x000002b8d0491cb4 method=java.util.concurrent.ConcurrentHashMap.get(Ljava/lang/Object;)Ljava/lang/Object; @ 149 c2
Event: 0.510 Thread 0x000002b8bdd97700 DEOPT PACKING pc=0x000002b8d0491cb4 sp=0x000000ccc5ffdf80
Event: 0.510 Thread 0x000002b8bdd97700 DEOPT UNPACKING pc=0x000002b8cffd8602 sp=0x000000ccc5ffdf00 mode 2

Classes loaded (20 events):
Event: 0.435 Loading class java/util/stream/WhileOps$1Op$1OpSink
Event: 0.435 Loading class java/util/stream/WhileOps$DropWhileSink
Event: 0.435 Loading class java/util/stream/WhileOps$DropWhileSink done
Event: 0.435 Loading class java/util/stream/WhileOps$1Op$1OpSink done
Event: 0.438 Loading class java/lang/reflect/ParameterizedType
Event: 0.438 Loading class java/lang/reflect/ParameterizedType done
Event: 0.440 Loading class java/lang/reflect/WildcardType
Event: 0.440 Loading class java/lang/reflect/WildcardType done
Event: 0.443 Loading class sun/reflect/generics/tree/TypeVariableSignature
Event: 0.443 Loading class sun/reflect/generics/tree/TypeVariableSignature done
Event: 0.454 Loading class java/lang/annotation/IncompleteAnnotationException
Event: 0.454 Loading class java/lang/annotation/IncompleteAnnotationException done
Event: 0.477 Loading class java/lang/foreign/MemorySegment
Event: 0.477 Loading class java/lang/foreign/MemorySegment done
Event: 0.509 Loading class sun/reflect/generics/reflectiveObjects/TypeVariableImpl
Event: 0.510 Loading class sun/reflect/generics/reflectiveObjects/LazyReflectiveObjectGenerator
Event: 0.510 Loading class sun/reflect/generics/reflectiveObjects/LazyReflectiveObjectGenerator done
Event: 0.510 Loading class sun/reflect/generics/reflectiveObjects/TypeVariableImpl done
Event: 0.510 Loading class sun/reflect/generics/reflectiveObjects/ParameterizedTypeImpl
Event: 0.510 Loading class sun/reflect/generics/reflectiveObjects/ParameterizedTypeImpl done

Classes unloaded (0 events):
No events

Classes redefined (0 events):
No events

Internal exceptions (15 events):
Event: 0.077 Thread 0x000002b8bdd97700 Exception <a 'java/lang/NoSuchMethodError'{0x0000000714540da0}: 'void java.lang.invoke.DirectMethodHandle$Holder.invokeStatic(java.lang.Object, java.lang.Object, java.lang.Object)'> (0x0000000714540da0) 
thrown [s\open\src\hotspot\share\interpreter\linkResolver.cpp, line 805]
Event: 0.081 Thread 0x000002b8bdd97700 Exception <a 'java/lang/NoSuchMethodError'{0x0000000714575960}: 'java.lang.Object java.lang.invoke.Invokers$Holder.invokeExact_MT(java.lang.Object, java.lang.Object, java.lang.Object, java.lang.Object, java.lang.Object)'> (0x0000000714575960) 
thrown [s\open\src\hotspot\share\interpreter\linkResolver.cpp, line 805]
Event: 0.086 Thread 0x000002b8bdd97700 Exception <a 'java/io/FileNotFoundException'{0x0000000714586fa0}> (0x0000000714586fa0) 
thrown [s\open\src\hotspot\share\prims\jni.cpp, line 518]
Event: 0.091 Thread 0x000002b8dfddbf80 Exception <a 'java/lang/NoSuchMethodError'{0x00000007145f0ad0}: 'java.lang.Object java.lang.invoke.DirectMethodHandle$Holder.invokeStaticInit(java.lang.Object)'> (0x00000007145f0ad0) 
thrown [s\open\src\hotspot\share\interpreter\linkResolver.cpp, line 805]
Event: 0.095 Thread 0x000002b8dfddbf80 Exception <a 'java/lang/NoSuchMethodError'{0x00000007145fb6d8}: 'void java.lang.invoke.DirectMethodHandle$Holder.invokeStatic(java.lang.Object, java.lang.Object)'> (0x00000007145fb6d8) 
thrown [s\open\src\hotspot\share\interpreter\linkResolver.cpp, line 805]
Event: 0.104 Thread 0x000002b8bdd97700 Exception <a 'java/lang/NoSuchMethodError'{0x0000000714305e30}: 'int java.lang.invoke.DirectMethodHandle$Holder.invokeSpecial(java.lang.Object, java.lang.Object, java.lang.Object)'> (0x0000000714305e30) 
thrown [s\open\src\hotspot\share\interpreter\linkResolver.cpp, line 805]
Event: 0.160 Thread 0x000002b8bdd97700 Exception <a 'java/lang/NullPointerException'{0x0000000714169130}> (0x0000000714169130) 
thrown [s\open\src\hotspot\share\interpreter\linkResolver.cpp, line 1417]
Event: 0.258 Thread 0x000002b8bdd97700 Exception <a 'java/lang/NoSuchMethodError'{0x0000000713c215f8}: 'java.lang.Object java.lang.invoke.DirectMethodHandle$Holder.invokeSpecialIFC(java.lang.Object, java.lang.Object, java.lang.Object, java.lang.Object)'> (0x0000000713c215f8) 
thrown [s\open\src\hotspot\share\interpreter\linkResolver.cpp, line 805]
Event: 0.363 Thread 0x000002b8bdd97700 Exception <a 'java/lang/NoSuchMethodError'{0x000000071391aab8}: 'void java.lang.invoke.DirectMethodHandle$Holder.invokeSpecial(java.lang.Object, java.lang.Object, java.lang.Object)'> (0x000000071391aab8) 
thrown [s\open\src\hotspot\share\interpreter\linkResolver.cpp, line 805]
Event: 0.383 Thread 0x000002b8bdd97700 Exception <a 'java/lang/NoSuchMethodError'{0x000000071363cd80}: 'java.lang.Object java.lang.invoke.DirectMethodHandle$Holder.invokeInterface(java.lang.Object, java.lang.Object)'> (0x000000071363cd80) 
thrown [s\open\src\hotspot\share\interpreter\linkResolver.cpp, line 805]
Event: 0.392 Thread 0x000002b8bdd97700 Exception <a 'java/lang/NoSuchMethodError'{0x00000007136e90d0}: 'int java.lang.invoke.DirectMethodHandle$Holder.invokeStatic(java.lang.Object, java.lang.Object, java.lang.Object, java.lang.Object)'> (0x00000007136e90d0) 
thrown [s\open\src\hotspot\share\interpreter\linkResolver.cpp, line 805]
Event: 0.395 Thread 0x000002b8bdd97700 Exception <a 'java/lang/NoSuchMethodError'{0x0000000713713140}: 'int java.lang.invoke.DirectMethodHandle$Holder.invokeSpecialIFC(java.lang.Object, java.lang.Object, java.lang.Object, java.lang.Object, java.lang.Object)'> (0x0000000713713140) 
thrown [s\open\src\hotspot\share\interpreter\linkResolver.cpp, line 805]
Event: 0.423 Thread 0x000002b8bdd97700 Exception <a 'java/lang/NoSuchMethodError'{0x00000007134e7058}: 'java.lang.Object java.lang.invoke.DirectMethodHandle$Holder.newInvokeSpecial(java.lang.Object, java.lang.Object, java.lang.Object, java.lang.Object, java.lang.Object)'> (0x00000007134e7058) 
thrown [s\open\src\hotspot\share\interpreter\linkResolver.cpp, line 805]
Event: 0.448 Thread 0x000002b8bdd97700 Exception <a 'java/lang/NoSuchMethodError'{0x000000071322a3b0}: 'int java.lang.invoke.DirectMethodHandle$Holder.invokeStaticInit(java.lang.Object, java.lang.Object)'> (0x000000071322a3b0) 
thrown [s\open\src\hotspot\share\interpreter\linkResolver.cpp, line 805]
Event: 0.454 Thread 0x000002b8bdd97700 Exception <a 'java/lang/NoClassDefFoundError'{0x0000000713264750}: javax/enterprise/inject/Typed> (0x0000000713264750) 
thrown [s\open\src\hotspot\share\classfile\systemDictionary.cpp, line 316]

VM Operations (8 events):
Event: 0.049 Executing VM operation: HandshakeAllThreads (Deoptimize)
Event: 0.049 Executing VM operation: HandshakeAllThreads (Deoptimize) done
Event: 0.158 Executing VM operation: HandshakeAllThreads (Deoptimize)
Event: 0.158 Executing VM operation: HandshakeAllThreads (Deoptimize) done
Event: 0.166 Executing VM operation: HandshakeAllThreads (Deoptimize)
Event: 0.166 Executing VM operation: HandshakeAllThreads (Deoptimize) done
Event: 0.393 Executing VM operation: HandshakeAllThreads (Deoptimize)
Event: 0.393 Executing VM operation: HandshakeAllThreads (Deoptimize) done

Memory protections (0 events):
No events

Nmethod flushes (0 events):
No events

Events (14 events):
Event: 0.021 Thread 0x000002b8bdd97700 Thread added: 0x000002b8bdd97700
Event: 0.029 Thread 0x000002b8bdd97700 Thread added: 0x000002b8dfb83b30
Event: 0.029 Thread 0x000002b8bdd97700 Thread added: 0x000002b8dfb84270
Event: 0.029 Thread 0x000002b8bdd97700 Thread added: 0x000002b8dfb86db0
Event: 0.029 Thread 0x000002b8bdd97700 Thread added: 0x000002b8dfb878e0
Event: 0.029 Thread 0x000002b8bdd97700 Thread added: 0x000002b8dfb88410
Event: 0.029 Thread 0x000002b8bdd97700 Thread added: 0x000002b8dfb8af50
Event: 0.029 Thread 0x000002b8bdd97700 Thread added: 0x000002b8dfb985b0
Event: 0.029 Thread 0x000002b8bdd97700 Thread added: 0x000002b8dfb9bd60
Event: 0.041 Thread 0x000002b8bdd97700 Thread added: 0x000002b8dfc79a10
Event: 0.056 Thread 0x000002b8dfb9bd60 Thread added: 0x000002b8dfda2e00
Event: 0.085 Thread 0x000002b8bdd97700 Thread added: 0x000002b8dfddbf80
Event: 0.085 Thread 0x000002b8bdd97700 Thread added: 0x000002b8dfddc6c0
Event: 0.474 Thread 0x000002b8dfb9bd60 Thread added: 0x000002b9259da050


Dynamic libraries:
0x00007ff659c70000 - 0x00007ff659c80000 	C:\Program Files\Java\jdk-24\bin\java.exe
0x00007ff959b60000 - 0x00007ff959dc6000 	C:\WINDOWS\SYSTEM32\ntdll.dll
0x00007ff9584c0000 - 0x00007ff958589000 	C:\WINDOWS\System32\KERNEL32.DLL
0x00007ff957110000 - 0x00007ff95750a000 	C:\WINDOWS\System32\KERNELBASE.dll
0x00007ff957510000 - 0x00007ff95765c000 	C:\WINDOWS\System32\ucrtbase.dll
0x00007ff9226f0000 - 0x00007ff92270b000 	C:\Program Files\Java\jdk-24\bin\VCRUNTIME140.dll
0x00007ff922f00000 - 0x00007ff922f16000 	C:\Program Files\Java\jdk-24\bin\jli.dll
0x00007ff958b10000 - 0x00007ff958cd7000 	C:\WINDOWS\System32\USER32.dll
0x00007ff934060000 - 0x00007ff9342f2000 	C:\WINDOWS\WinSxS\amd64_microsoft.windows.common-controls_6595b64144ccf1df_6.0.26100.8521_none_3e08b75ce33403b3\COMCTL32.dll
0x00007ff9570e0000 - 0x00007ff957107000 	C:\WINDOWS\System32\win32u.dll
0x00007ff957dd0000 - 0x00007ff957e79000 	C:\WINDOWS\System32\msvcrt.dll
0x00007ff957b20000 - 0x00007ff957b4b000 	C:\WINDOWS\System32\GDI32.dll
0x00007ff9577a0000 - 0x00007ff9578cb000 	C:\WINDOWS\System32\gdi32full.dll
0x00007ff9576f0000 - 0x00007ff957793000 	C:\WINDOWS\System32\msvcp_win.dll
0x00007ff9591d0000 - 0x00007ff959202000 	C:\WINDOWS\System32\IMM32.DLL
0x00007ff92aab0000 - 0x00007ff92aabc000 	C:\Program Files\Java\jdk-24\bin\vcruntime140_1.dll
0x00007ff8d8a00000 - 0x00007ff8d8a8e000 	C:\Program Files\Java\jdk-24\bin\msvcp140.dll
0x00007ff89c7e0000 - 0x00007ff89d582000 	C:\Program Files\Java\jdk-24\bin\server\jvm.dll
0x00007ff958a50000 - 0x00007ff958b06000 	C:\WINDOWS\System32\ADVAPI32.dll
0x00007ff9599a0000 - 0x00007ff959a4a000 	C:\WINDOWS\System32\sechost.dll
0x00007ff9586c0000 - 0x00007ff9587d8000 	C:\WINDOWS\System32\RPCRT4.dll
0x00007ff957c60000 - 0x00007ff957ce0000 	C:\WINDOWS\System32\WS2_32.dll
0x00007ff956650000 - 0x00007ff9566ae000 	C:\WINDOWS\SYSTEM32\POWRPROF.dll
0x00007ff94bf50000 - 0x00007ff94bf86000 	C:\WINDOWS\SYSTEM32\WINMM.dll
0x00007ff94a2f0000 - 0x00007ff94a2fb000 	C:\WINDOWS\SYSTEM32\VERSION.dll
0x00007ff956630000 - 0x00007ff956644000 	C:\WINDOWS\SYSTEM32\UMPDC.dll
0x00007ff955b40000 - 0x00007ff955b5b000 	C:\WINDOWS\SYSTEM32\kernel.appcore.dll
0x00007ff922750000 - 0x00007ff92275a000 	C:\Program Files\Java\jdk-24\bin\jimage.dll
0x00007ff954470000 - 0x00007ff9546b2000 	C:\WINDOWS\SYSTEM32\DBGHELP.DLL
0x00007ff958ce0000 - 0x00007ff959063000 	C:\WINDOWS\System32\combase.dll
0x00007ff957cf0000 - 0x00007ff957dc9000 	C:\WINDOWS\System32\OLEAUT32.dll
0x00007ff932d00000 - 0x00007ff932d3b000 	C:\WINDOWS\SYSTEM32\dbgcore.DLL
0x00007ff956eb0000 - 0x00007ff956f58000 	C:\WINDOWS\System32\bcryptPrimitives.dll
0x00007ff937930000 - 0x00007ff93793f000 	C:\Program Files\Java\jdk-24\bin\instrument.dll
0x00007ff9226d0000 - 0x00007ff9226ee000 	C:\Program Files\Java\jdk-24\bin\java.dll
0x00007ff957980000 - 0x00007ff957b18000 	C:\WINDOWS\System32\ole32.dll
0x00007ff959210000 - 0x00007ff959994000 	C:\WINDOWS\System32\SHELL32.dll
0x00007ff954970000 - 0x00007ff9551f0000 	C:\WINDOWS\SYSTEM32\windows.storage.dll
0x00007ff957b50000 - 0x00007ff957c46000 	C:\WINDOWS\System32\SHCORE.dll
0x00007ff9578e0000 - 0x00007ff957947000 	C:\WINDOWS\System32\shlwapi.dll
0x00007ff956d10000 - 0x00007ff956d39000 	C:\WINDOWS\SYSTEM32\profapi.dll
0x00007ff8d8920000 - 0x00007ff8d89f7000 	C:\Program Files\Java\jdk-24\bin\jsvml.dll
0x00007ff91dbd0000 - 0x00007ff91dbe7000 	C:\Program Files\Java\jdk-24\bin\zip.dll
0x00007ff9226c0000 - 0x00007ff9226d0000 	C:\Program Files\Java\jdk-24\bin\net.dll
0x00007ff956090000 - 0x00007ff9560fc000 	C:\WINDOWS\system32\mswsock.dll
0x00007ff91e040000 - 0x00007ff91e056000 	C:\Program Files\Java\jdk-24\bin\nio.dll
0x00007ff9173a0000 - 0x00007ff9173ba000 	C:\Program Files\JetBrains\IntelliJ IDEA 2023.3.6\bin\breakgen64.dll
0x00007ff91dbc0000 - 0x00007ff91dbc9000 	C:\Program Files\Java\jdk-24\bin\extnet.dll
0x0000000069ac0000 - 0x0000000069ae4000 	C:\Users\alexa\AppData\Local\Temp\jansi-2.4.0-67437a208dcc2728-jansi.dll
0x00007ff91d1e0000 - 0x00007ff91d1f0000 	C:\Program Files\Java\jdk-24\bin\verify.dll

dbghelp: loaded successfully - version: 4.0.5 - missing functions: none
symbol engine: initialized successfully - sym options: 0x614 - pdb path: .;C:\Program Files\Java\jdk-24\bin;C:\WINDOWS\SYSTEM32;C:\WINDOWS\WinSxS\amd64_microsoft.windows.common-controls_6595b64144ccf1df_6.0.26100.8521_none_3e08b75ce33403b3;C:\Program Files\Java\jdk-24\bin\server;C:\Program Files\JetBrains\IntelliJ IDEA 2023.3.6\bin;C:\Users\alexa\AppData\Local\Temp

VM Arguments:
jvm_args: -Dmaven.multiModuleProjectDirectory=D:\Master\hospital-management-system\medical-records-service -Djansi.passthrough=true -Dmaven.home=C:\Program Files\JetBrains\IntelliJ IDEA 2023.3.6\plugins\maven\lib\maven3 -Dclassworlds.conf=C:\Program Files\JetBrains\IntelliJ IDEA 2023.3.6\plugins\maven\lib\maven3\bin\m2.conf -Dmaven.ext.class.path=C:\Program Files\JetBrains\IntelliJ IDEA 2023.3.6\plugins\maven\lib\maven-event-listener.jar -javaagent:C:\Program Files\JetBrains\IntelliJ IDEA 2023.3.6\lib\idea_rt.jar=53676:C:\Program Files\JetBrains\IntelliJ IDEA 2023.3.6\bin -Dfile.encoding=UTF-8 -Dsun.stdout.encoding=UTF-8 -Dsun.stderr.encoding=UTF-8 
java_command: org.codehaus.classworlds.Launcher -Didea.version=2023.3.6 clean
java_class_path (initial): C:\Program Files\JetBrains\IntelliJ IDEA 2023.3.6\plugins\maven\lib\maven3\boot\plexus-classworlds-2.7.0.jar;C:\Program Files\JetBrains\IntelliJ IDEA 2023.3.6\plugins\maven\lib\maven3\boot\plexus-classworlds.license
Launcher Type: SUN_STANDARD

[Global flags]
     intx CICompilerCount                          = 4                                         {product} {ergonomic}
     uint ConcGCThreads                            = 3                                         {product} {ergonomic}
     uint G1ConcRefinementThreads                  = 10                                        {product} {ergonomic}
   size_t G1HeapRegionSize                         = 2097152                                   {product} {ergonomic}
   size_t InitialHeapSize                          = 264241152                                 {product} {ergonomic}
   size_t MarkStackSize                            = 4194304                                   {product} {ergonomic}
   size_t MarkStackSizeMax                         = 536870912                                 {product} {ergonomic}
   size_t MaxHeapSize                              = 4215275520                                {product} {ergonomic}
   size_t MaxNewSize                               = 2529165312                                {product} {ergonomic}
   size_t MinHeapDeltaBytes                        = 2097152                                   {product} {ergonomic}
   size_t MinHeapSize                              = 8388608                                   {product} {ergonomic}
    uintx NonNMethodCodeHeapSize                   = 5832704                                {pd product} {ergonomic}
    uintx NonProfiledCodeHeapSize                  = 122945536                              {pd product} {ergonomic}
    uintx ProfiledCodeHeapSize                     = 122880000                              {pd product} {ergonomic}
    uintx ReservedCodeCacheSize                    = 251658240                              {pd product} {ergonomic}
     bool SegmentedCodeCache                       = true                                      {product} {ergonomic}
   size_t SoftMaxHeapSize                          = 4215275520                             {manageable} {ergonomic}
     bool UseCompressedOops                        = true                           {product lp64_product} {ergonomic}
     bool UseG1GC                                  = true                                      {product} {ergonomic}
     bool UseLargePagesIndividualAllocation        = false                                  {pd product} {ergonomic}

Logging:
Log output configuration:
 #0: stdout all=warning uptime,level,tags foldmultilines=false
 #1: stderr all=off uptime,level,tags foldmultilines=false

Environment Variables:
JAVA_HOME=C:\Program Files\Java\jdk-23\bin
PATH=C:\Program Files\Eclipse Adoptium\jdk-17.0.19.10-hotspot\bin;C:\Program Files\Eclipse Adoptium\jdk-25.0.3.9-hotspot\bin;C:\Program Files\Common Files\Oracle\Java\javapath;C:\Program Files (x86)\Common Files\Oracle\Java\java8path;C:\Program Files (x86)\Common Files\Oracle\Java\javapath;C:\WINDOWS\system32;C:\WINDOWS;C:\WINDOWS\System32\Wbem;C:\WINDOWS\System32\WindowsPowerShell\v1.0\;C:\WINDOWS\System32\OpenSSH\;D:\Amazon type shit\;C:\Program Files\Git\cmd;C:\Program Files\nodejs\;C:\Program Files\MongoDB\Server\8.0\bin;C:\Users\alexa\AppData\Local\Programs\mongosh\;C:\Program Files\JetBrains\CLion 2023.3.4\bin\mingw\bin;C:\Program Files\dotnet\;C:\Program Files\Docker\Docker\resources\bin;C:\Users\alexa\AppData\Local\Programs\Python\Python313\Scripts\;C:\Users\alexa\AppData\Local\Programs\Python\Python313\;C:\Users\alexa\AppData\Local\Programs\Python\Launcher\;C:\Users\alexa\AppData\Local\Microsoft\WindowsApps;C:\Users\alexa\AppData\Local\Programs\Microsoft VS Code\bin;C:\Users\alexa\AppData\Roaming\npm;C:\Users\alexa\AppData\Local\Programs\mongosh\;C:\Users\alexa\.dotnet\tools;
USERNAME=alexa
OS=Windows_NT
PROCESSOR_IDENTIFIER=Intel64 Family 6 Model 186 Stepping 2, GenuineIntel
TMP=C:\Users\alexa\AppData\Local\Temp
TEMP=C:\Users\alexa\AppData\Local\Temp




Periodic native trim disabled

---------------  S Y S T E M  ---------------

OS:
 Windows 11 , 64 bit Build 26100 (10.0.26100.8521)
OS uptime: 0 days 0:52 hours
Hyper-V role detected

CPU: total 12 (initial active 12) (6 cores per cpu, 2 threads per core) family 6 model 186 stepping 2 microcode 0x4123, cx8, cmov, fxsr, ht, mmx, 3dnowpref, sse, sse2, sse3, ssse3, sse4.1, sse4.2, popcnt, lzcnt, tsc, tscinvbit, avx, avx2, aes, erms, clmul, bmi1, bmi2, adx, sha, fma, vzeroupper, clflush, clflushopt, clwb, hv, serialize, rdtscp, rdpid, fsrm, gfni, f16c, cet_ibt, cet_ss
Processor Information for the first 12 processors :
  Max Mhz: 2100, Current Mhz: 2100, Mhz Limit: 2100

Memory: 4k page, system-wide physical 16077M (1456M free)
TotalPageFile size 22072M (AvailPageFile size 8M)
current process WorkingSet (physical memory assigned to process): 95M, peak: 95M
current process commit charge ("private bytes"): 366M, peak: 371M

vm_info: Java HotSpot(TM) 64-Bit Server VM (24+36-3646) for windows-amd64 JRE (24+36-3646), built on 2025-02-06T00:20:43Z with MS VC++ 17.6 (VS2022)

END.
