#
# There is insufficient memory for the Java Runtime Environment to continue.
# Native memory allocation (mmap) failed to map 264241152 bytes. Error detail: G1 virtual space
# Possible reasons:
#   The system is out of physical RAM or swap space
#   This process is running with CompressedOops enabled, and the Java Heap may be blocking the growth of the native heap
# Possible solutions:
#   Reduce memory load on the system
#   Increase physical memory or swap space
#   Check if swap backing store is full
#   Decrease Java heap size (-Xmx/-Xms)
#   Decrease number of Java threads
#   Decrease Java thread stack sizes (-Xss)
#   Set larger code cache with -XX:ReservedCodeCacheSize=
#   JVM is running with Zero Based Compressed Oops mode in which the Java heap is
#     placed in the first 32GB address space. The Java Heap base address is the
#     maximum limit for the native heap growth. Please use -XX:HeapBaseMinAddress
#     to set the Java Heap base and to place the Java Heap above 32GB virtual address.
# This output file may be truncated or incomplete.
#
#  Out of Memory Error (os_windows.cpp:3564), pid=20860, tid=12928
#
# JRE version:  (24.0+36) (build )
# Java VM: Java HotSpot(TM) 64-Bit Server VM (24+36-3646, mixed mode, sharing, tiered, compressed oops, compressed class ptrs, g1 gc, windows-amd64)
# No core dump will be written. Minidumps are not enabled by default on client versions of Windows
#

---------------  S U M M A R Y ------------

Command Line: -Dmaven.multiModuleProjectDirectory=D:\Master\hospital-management-system\medical-records-service -Djansi.passthrough=true -Dmaven.home=C:\Program Files\JetBrains\IntelliJ IDEA 2023.3.6\plugins\maven\lib\maven3 -Dclassworlds.conf=C:\Program Files\JetBrains\IntelliJ IDEA 2023.3.6\plugins\maven\lib\maven3\bin\m2.conf -Dmaven.ext.class.path=C:\Program Files\JetBrains\IntelliJ IDEA 2023.3.6\plugins\maven\lib\maven-event-listener.jar -javaagent:C:\Program Files\JetBrains\IntelliJ IDEA 2023.3.6\lib\idea_rt.jar=59891:C:\Program Files\JetBrains\IntelliJ IDEA 2023.3.6\bin -Dfile.encoding=UTF-8 -Dsun.stdout.encoding=UTF-8 -Dsun.stderr.encoding=UTF-8 org.codehaus.classworlds.Launcher -Didea.version=2023.3.6 clean

Host: 13th Gen Intel(R) Core(TM) i5-13420H, 12 cores, 15G,  Windows 11 , 64 bit Build 26100 (10.0.26100.8521)
Time: Thu Jun 18 11:58:17 2026 GTB Daylight Time elapsed time: 0.012259 seconds (0d 0h 0m 0s)

---------------  T H R E A D  ---------------

Current thread (0x00000292f38c7c20):  JavaThread "Unknown thread" [_thread_in_vm, id=12928, stack(0x000000ca36800000,0x000000ca36900000) (1024K)]

Stack: [0x000000ca36800000,0x000000ca36900000]
Native frames: (J=compiled Java code, j=interpreted, Vv=VM code, C=native code)
V  [jvm.dll+0x7308c9]  (no source info available)
V  [jvm.dll+0x8d9ca3]  (no source info available)
V  [jvm.dll+0x8dc13d]  (no source info available)
V  [jvm.dll+0x8dc7b3]  (no source info available)
V  [jvm.dll+0x2aa046]  (no source info available)
V  [jvm.dll+0x72cdf5]  (no source info available)
V  [jvm.dll+0x72091a]  (no source info available)
V  [jvm.dll+0x390d8a]  (no source info available)
V  [jvm.dll+0x398a96]  (no source info available)
V  [jvm.dll+0x3852de]  (no source info available)
V  [jvm.dll+0x385598]  (no source info available)
V  [jvm.dll+0x35d16c]  (no source info available)
V  [jvm.dll+0x35de2d]  (no source info available)
V  [jvm.dll+0x89d41f]  (no source info available)
V  [jvm.dll+0x3f98fd]  (no source info available)
V  [jvm.dll+0x885a76]  (no source info available)
V  [jvm.dll+0x49604e]  (no source info available)
V  [jvm.dll+0x497e21]  (no source info available)
C  [jli.dll+0x52a1]  (no source info available)
C  [ucrtbase.dll+0x2cd30]  (no source info available)
C  [KERNEL32.DLL+0x2e957]  (no source info available)
C  [ntdll.dll+0x87c1c]  (no source info available)

Lock stack of current Java thread (top to bottom):


---------------  P R O C E S S  ---------------

Threads class SMR info:
_java_thread_list=0x00007ff89d41f318, length=0, elements={
}

Java Threads: ( => current thread )
Total: 0

Other Threads:
  0x00000292f5cc71e0 WorkerThread "GC Thread#0"                     [id=7324, stack(0x000000ca36900000,0x000000ca36a00000) (1024K)]
  0x00000292f5cdca40 ConcurrentGCThread "G1 Main Marker"            [id=16308, stack(0x000000ca36a00000,0x000000ca36b00000) (1024K)]
  0x00000292f5cdd460 WorkerThread "G1 Conc#0"                       [id=10460, stack(0x000000ca36b00000,0x000000ca36c00000) (1024K)]

[error occurred during error reporting (printing all threads), id 0xc0000005, EXCEPTION_ACCESS_VIOLATION (0xc0000005) at pc=0x00007ff89cb5158a]
VM state: not at safepoint (not fully initialized)

VM Mutex/Monitor currently owned by a thread:  ([mutex/lock_event])
[0x00007ff89d4a45c0] Heap_lock - owner thread: 0x00000292f38c7c20

Heap address: 0x0000000704c00000, size: 4020 MB, Compressed Oops mode: Zero based, Oop shift amount: 3

CDS archive(s) mapped at: [0x0000000000000000-0x0000000000000000-0x0000000000000000), size 0, SharedBaseAddress: 0x0000000800000000, ArchiveRelocationMode: 1.
UseCompressedClassPointers 1, UseCompactObjectHeaders 0
Narrow klass pointer bits 32, Max shift 3
Narrow klass base: 0xffffffffffffffff, Narrow klass shift: -1
Encoding Range: [0xffffffffffffffff - 0x000000007fffffff), (2147483648 bytes)
Klass Range:    [0x0000000000000000 - 0x0000000000000000), (0 bytes)
Klass ID Range:  [4294967295 - 0) (1)

GC Precious Log:
 CardTable entry size: 512
 Card Set container configuration: InlinePtr #cards 4 size 8 Array Of Cards #cards 16 size 48 Howl #buckets 8 coarsen threshold 3686 Howl Bitmap #cards 512 size 80 coarsen threshold 460 Card regions per heap region 1 cards per card region 4096

Heap:
 garbage-first heap   total reserved 4116480K, committed 0K, used 0K [0x0000000704c00000, 0x0000000800000000)
  region size 2048K, 0 young (0K), 0 survivors (0K)

[error occurred during error reporting (printing heap information), id 0xc0000005, EXCEPTION_ACCESS_VIOLATION (0xc0000005) at pc=0x00007ff89cf6e579]
GC Heap History (0 events):
No events

Dll operation events (1 events):
Event: 0.009 Loaded shared library C:\Program Files\Java\jdk-24\bin\java.dll

Deoptimization events (0 events):
No events

Classes loaded (0 events):
No events

Classes unloaded (0 events):
No events

Classes redefined (0 events):
No events

Internal exceptions (0 events):
No events

VM Operations (0 events):
No events

Memory protections (0 events):
No events

Nmethod flushes (0 events):
No events

Events (0 events):
No events


Dynamic libraries:
0x00007ff659c70000 - 0x00007ff659c80000 	C:\Program Files\Java\jdk-24\bin\java.exe
0x00007ff959b60000 - 0x00007ff959dc6000 	C:\WINDOWS\SYSTEM32\ntdll.dll
0x00007ff9584c0000 - 0x00007ff958589000 	C:\WINDOWS\System32\KERNEL32.DLL
0x00007ff957110000 - 0x00007ff95750a000 	C:\WINDOWS\System32\KERNELBASE.dll
0x00007ff957510000 - 0x00007ff95765c000 	C:\WINDOWS\System32\ucrtbase.dll
0x00007ff922f00000 - 0x00007ff922f16000 	C:\Program Files\Java\jdk-24\bin\jli.dll
0x00007ff9226f0000 - 0x00007ff92270b000 	C:\Program Files\Java\jdk-24\bin\VCRUNTIME140.dll
0x00007ff958b10000 - 0x00007ff958cd7000 	C:\WINDOWS\System32\USER32.dll
0x00007ff9570e0000 - 0x00007ff957107000 	C:\WINDOWS\System32\win32u.dll
0x00007ff957b20000 - 0x00007ff957b4b000 	C:\WINDOWS\System32\GDI32.dll
0x00007ff934060000 - 0x00007ff9342f2000 	C:\WINDOWS\WinSxS\amd64_microsoft.windows.common-controls_6595b64144ccf1df_6.0.26100.8521_none_3e08b75ce33403b3\COMCTL32.dll
0x00007ff9577a0000 - 0x00007ff9578cb000 	C:\WINDOWS\System32\gdi32full.dll
0x00007ff957dd0000 - 0x00007ff957e79000 	C:\WINDOWS\System32\msvcrt.dll
0x00007ff9576f0000 - 0x00007ff957793000 	C:\WINDOWS\System32\msvcp_win.dll
0x00007ff9591d0000 - 0x00007ff959202000 	C:\WINDOWS\System32\IMM32.DLL
0x00007ff92aab0000 - 0x00007ff92aabc000 	C:\Program Files\Java\jdk-24\bin\vcruntime140_1.dll
0x00007ff8d8a00000 - 0x00007ff8d8a8e000 	C:\Program Files\Java\jdk-24\bin\msvcp140.dll
0x00007ff89c7e0000 - 0x00007ff89d582000 	C:\Program Files\Java\jdk-24\bin\server\jvm.dll
0x00007ff958a50000 - 0x00007ff958b06000 	C:\WINDOWS\System32\ADVAPI32.dll
0x00007ff9599a0000 - 0x00007ff959a4a000 	C:\WINDOWS\System32\sechost.dll
0x00007ff9586c0000 - 0x00007ff9587d8000 	C:\WINDOWS\System32\RPCRT4.dll
0x00007ff957c60000 - 0x00007ff957ce0000 	C:\WINDOWS\System32\WS2_32.dll
0x00007ff94a2f0000 - 0x00007ff94a2fb000 	C:\WINDOWS\SYSTEM32\VERSION.dll
0x00007ff956650000 - 0x00007ff9566ae000 	C:\WINDOWS\SYSTEM32\POWRPROF.dll
0x00007ff94bf50000 - 0x00007ff94bf86000 	C:\WINDOWS\SYSTEM32\WINMM.dll
0x00007ff956630000 - 0x00007ff956644000 	C:\WINDOWS\SYSTEM32\UMPDC.dll
0x00007ff955b40000 - 0x00007ff955b5b000 	C:\WINDOWS\SYSTEM32\kernel.appcore.dll
0x00007ff922750000 - 0x00007ff92275a000 	C:\Program Files\Java\jdk-24\bin\jimage.dll
0x00007ff954470000 - 0x00007ff9546b2000 	C:\WINDOWS\SYSTEM32\DBGHELP.DLL
0x00007ff958ce0000 - 0x00007ff959063000 	C:\WINDOWS\System32\combase.dll
0x00007ff957cf0000 - 0x00007ff957dc9000 	C:\WINDOWS\System32\OLEAUT32.dll
0x00007ff932d00000 - 0x00007ff932d3b000 	C:\WINDOWS\SYSTEM32\dbgcore.DLL
0x00007ff956eb0000 - 0x00007ff956f58000 	C:\WINDOWS\System32\bcryptPrimitives.dll
0x00007ff91dbf0000 - 0x00007ff91dbff000 	C:\Program Files\Java\jdk-24\bin\instrument.dll
0x00007ff9226d0000 - 0x00007ff9226ee000 	C:\Program Files\Java\jdk-24\bin\java.dll
0x00007ff957980000 - 0x00007ff957b18000 	C:\WINDOWS\System32\ole32.dll
0x00007ff959210000 - 0x00007ff959994000 	C:\WINDOWS\System32\SHELL32.dll

dbghelp: loaded successfully - version: 4.0.5 - missing functions: none
symbol engine: initialized successfully - sym options: 0x614 - pdb path: .;C:\Program Files\Java\jdk-24\bin;C:\WINDOWS\SYSTEM32;C:\WINDOWS\WinSxS\amd64_microsoft.windows.common-controls_6595b64144ccf1df_6.0.26100.8521_none_3e08b75ce33403b3;C:\Program Files\Java\jdk-24\bin\server

VM Arguments:
jvm_args: -Dmaven.multiModuleProjectDirectory=D:\Master\hospital-management-system\medical-records-service -Djansi.passthrough=true -Dmaven.home=C:\Program Files\JetBrains\IntelliJ IDEA 2023.3.6\plugins\maven\lib\maven3 -Dclassworlds.conf=C:\Program Files\JetBrains\IntelliJ IDEA 2023.3.6\plugins\maven\lib\maven3\bin\m2.conf -Dmaven.ext.class.path=C:\Program Files\JetBrains\IntelliJ IDEA 2023.3.6\plugins\maven\lib\maven-event-listener.jar -javaagent:C:\Program Files\JetBrains\IntelliJ IDEA 2023.3.6\lib\idea_rt.jar=59891:C:\Program Files\JetBrains\IntelliJ IDEA 2023.3.6\bin -Dfile.encoding=UTF-8 -Dsun.stdout.encoding=UTF-8 -Dsun.stderr.encoding=UTF-8 
java_command: org.codehaus.classworlds.Launcher -Didea.version=2023.3.6 clean
java_class_path (initial): C:\Program Files\JetBrains\IntelliJ IDEA 2023.3.6\plugins\maven\lib\maven3\boot\plexus-classworlds-2.7.0.jar;C:\Program Files\JetBrains\IntelliJ IDEA 2023.3.6\plugins\maven\lib\maven3\boot\plexus-classworlds.license
Launcher Type: SUN_STANDARD

[Global flags]
     intx CICompilerCount                          = 4                                         {product} {ergonomic}
     uint ConcGCThreads                            = 3                                         {product} {ergonomic}
     uint G1ConcRefinementThreads                  = 10                                        {product} {ergonomic}
   size_t G1HeapRegionSize                         = 2097152                                   {product} {ergonomic}
   size_t InitialHeapSize                          = 264241152                                 {product} {ergonomic}
   size_t MarkStackSize                            = 4194304                                   {product} {ergonomic}
   size_t MarkStackSizeMax                         = 536870912                                 {product} {ergonomic}
   size_t MaxHeapSize                              = 4215275520                                {product} {ergonomic}
   size_t MinHeapDeltaBytes                        = 2097152                                   {product} {ergonomic}
   size_t MinHeapSize                              = 8388608                                   {product} {ergonomic}
    uintx NonNMethodCodeHeapSize                   = 5832704                                {pd product} {ergonomic}
    uintx NonProfiledCodeHeapSize                  = 122945536                              {pd product} {ergonomic}
    uintx ProfiledCodeHeapSize                     = 122880000                              {pd product} {ergonomic}
    uintx ReservedCodeCacheSize                    = 251658240                              {pd product} {ergonomic}
     bool SegmentedCodeCache                       = true                                      {product} {ergonomic}
   size_t SoftMaxHeapSize                          = 4215275520                             {manageable} {ergonomic}
     bool UseCompressedOops                        = true                           {product lp64_product} {ergonomic}
     bool UseG1GC                                  = true                                      {product} {ergonomic}
     bool UseLargePagesIndividualAllocation        = false                                  {pd product} {ergonomic}

Logging:
Log output configuration:
 #0: stdout all=warning uptime,level,tags foldmultilines=false
 #1: stderr all=off uptime,level,tags foldmultilines=false

Environment Variables:
JAVA_HOME=C:\Program Files\Java\jdk-23\bin
PATH=C:\Program Files\Eclipse Adoptium\jdk-17.0.19.10-hotspot\bin;C:\Program Files\Eclipse Adoptium\jdk-25.0.3.9-hotspot\bin;C:\Program Files\Common Files\Oracle\Java\javapath;C:\Program Files (x86)\Common Files\Oracle\Java\java8path;C:\Program Files (x86)\Common Files\Oracle\Java\javapath;C:\WINDOWS\system32;C:\WINDOWS;C:\WINDOWS\System32\Wbem;C:\WINDOWS\System32\WindowsPowerShell\v1.0\;C:\WINDOWS\System32\OpenSSH\;D:\Amazon type shit\;C:\Program Files\Git\cmd;C:\Program Files\nodejs\;C:\Program Files\MongoDB\Server\8.0\bin;C:\Users\alexa\AppData\Local\Programs\mongosh\;C:\Program Files\JetBrains\CLion 2023.3.4\bin\mingw\bin;C:\Program Files\dotnet\;C:\Program Files\Docker\Docker\resources\bin;C:\Users\alexa\AppData\Local\Programs\Python\Python313\Scripts\;C:\Users\alexa\AppData\Local\Programs\Python\Python313\;C:\Users\alexa\AppData\Local\Programs\Python\Launcher\;C:\Users\alexa\AppData\Local\Microsoft\WindowsApps;C:\Users\alexa\AppData\Local\Programs\Microsoft VS Code\bin;C:\Users\alexa\AppData\Roaming\npm;C:\Users\alexa\AppData\Local\Programs\mongosh\;C:\Users\alexa\.dotnet\tools;
USERNAME=alexa
OS=Windows_NT
PROCESSOR_IDENTIFIER=Intel64 Family 6 Model 186 Stepping 2, GenuineIntel
TMP=C:\Users\alexa\AppData\Local\Temp
TEMP=C:\Users\alexa\AppData\Local\Temp




Periodic native trim disabled

---------------  S Y S T E M  ---------------

OS:
 Windows 11 , 64 bit Build 26100 (10.0.26100.8521)
OS uptime: 0 days 0:51 hours
Hyper-V role detected

CPU: total 12 (initial active 12) (6 cores per cpu, 2 threads per core) family 6 model 186 stepping 2 microcode 0x4123, cx8, cmov, fxsr, ht, mmx, 3dnowpref, sse, sse2, sse3, ssse3, sse4.1, sse4.2, popcnt, lzcnt, tsc, tscinvbit, avx, avx2, aes, erms, clmul, bmi1, bmi2, adx, sha, fma, vzeroupper, clflush, clflushopt, clwb, hv, serialize, rdtscp, rdpid, fsrm, gfni, f16c, cet_ibt, cet_ss
Processor Information for the first 12 processors :
  Max Mhz: 2100, Current Mhz: 2100, Mhz Limit: 2100

Memory: 4k page, system-wide physical 16077M (1499M free)
TotalPageFile size 22072M (AvailPageFile size 204M)
current process WorkingSet (physical memory assigned to process): 14M, peak: 14M
current process commit charge ("private bytes"): 65M, peak: 316M

vm_info: Java HotSpot(TM) 64-Bit Server VM (24+36-3646) for windows-amd64 JRE (24+36-3646), built on 2025-02-06T00:20:43Z with MS VC++ 17.6 (VS2022)

END.
